../Drivers/lvgl/src/draw/sw/lv_draw_sw.c:71:6:lv_draw_sw_init	16	static
../Drivers/lvgl/src/draw/sw/lv_draw_sw.c:98:6:lv_draw_sw_deinit	8	static
../Drivers/lvgl/src/draw/sw/lv_draw_sw.c:109:16:lv_draw_sw_delete	16	static
../Drivers/lvgl/src/draw/sw/lv_draw_sw.c:131:20:execute_drawing_unit	16	static
../Drivers/lvgl/src/draw/sw/lv_draw_sw.c:142:16:evaluate	24	static
../Drivers/lvgl/src/draw/sw/lv_draw_sw.c:180:16:dispatch	32	static
../Drivers/lvgl/src/draw/sw/lv_draw_sw.c:249:13:execute_drawing	24	static
