../Drivers/CMSIS/Include/core_cm7.h:2427:22:SCB_CleanInvalidateDCache	24	static,ignoring_inline_asm
../Drivers/hal_stm_lvgl/tft/tft.c:131:6:tft_init	16	static
../Drivers/hal_stm_lvgl/tft/tft.c:158:13:tft_flush_cb	48	static
../Drivers/hal_stm_lvgl/tft/tft.c:186:13:LCD_Config	40	static
../Drivers/hal_stm_lvgl/tft/tft.c:353:13:LTDC_Init	64	static
../Drivers/hal_stm_lvgl/tft/tft.c:474:13:DMA_Config	16	static
../Drivers/hal_stm_lvgl/tft/tft.c:522:13:DMA_TransferComplete	16	static
../Drivers/hal_stm_lvgl/tft/tft.c:554:13:DMA_TransferError	16	static
../Drivers/hal_stm_lvgl/tft/tft.c:565:6:DMA2_Stream0_IRQHandler	8	static
../Drivers/hal_stm_lvgl/tft/tft.c:575:6:BSP_LCD_MspInit	16	static
