../Drivers/lvgl/src/widgets/chart/../../core/../misc/../font/../draw/../misc/lv_area.h:107:20:lv_area_copy	16	static
../Drivers/lvgl/src/widgets/chart/../../core/../misc/../font/../draw/../misc/../stdlib/lv_string.h:73:20:lv_memzero	16	static
../Drivers/lvgl/src/widgets/chart/../../core/lv_obj_style_gen.h:22:23:lv_obj_get_style_width	24	static
../Drivers/lvgl/src/widgets/chart/../../core/lv_obj_style_gen.h:40:23:lv_obj_get_style_height	24	static
../Drivers/lvgl/src/widgets/chart/../../core/lv_obj_style_gen.h:154:23:lv_obj_get_style_pad_top	24	static
../Drivers/lvgl/src/widgets/chart/../../core/lv_obj_style_gen.h:160:23:lv_obj_get_style_pad_bottom	24	static
../Drivers/lvgl/src/widgets/chart/../../core/lv_obj_style_gen.h:166:23:lv_obj_get_style_pad_left	24	static
../Drivers/lvgl/src/widgets/chart/../../core/lv_obj_style_gen.h:172:23:lv_obj_get_style_pad_right	24	static
../Drivers/lvgl/src/widgets/chart/../../core/lv_obj_style_gen.h:184:23:lv_obj_get_style_pad_column	24	static
../Drivers/lvgl/src/widgets/chart/../../core/lv_obj_style_gen.h:334:24:lv_obj_get_style_border_opa	24	static
../Drivers/lvgl/src/widgets/chart/../../core/lv_obj_style_gen.h:340:23:lv_obj_get_style_border_width	24	static
../Drivers/lvgl/src/widgets/chart/../../core/lv_obj_style_gen.h:346:32:lv_obj_get_style_border_side	24	static
../Drivers/lvgl/src/widgets/chart/../../core/lv_obj_style_gen.h:454:23:lv_obj_get_style_line_width	24	static
../Drivers/lvgl/src/widgets/chart/lv_chart.c:71:12:lv_chart_create	24	static
../Drivers/lvgl/src/widgets/chart/lv_chart.c:79:6:lv_chart_set_type	32	static
../Drivers/lvgl/src/widgets/chart/lv_chart.c:108:6:lv_chart_set_point_count	24	static
../Drivers/lvgl/src/widgets/chart/lv_chart.c:132:6:lv_chart_set_range	32	static
../Drivers/lvgl/src/widgets/chart/lv_chart.c:164:6:lv_chart_set_update_mode	24	static
../Drivers/lvgl/src/widgets/chart/lv_chart.c:175:6:lv_chart_set_div_line_count	24	static
../Drivers/lvgl/src/widgets/chart/lv_chart.c:188:17:lv_chart_get_type	24	static
../Drivers/lvgl/src/widgets/chart/lv_chart.c:196:10:lv_chart_get_point_count	24	static
../Drivers/lvgl/src/widgets/chart/lv_chart.c:204:10:lv_chart_get_x_start_point	16	static
../Drivers/lvgl/src/widgets/chart/lv_chart.c:212:6:lv_chart_get_point_pos_by_id	88	static
../Drivers/lvgl/src/widgets/chart/lv_chart.c:287:6:lv_chart_refresh	16	static
../Drivers/lvgl/src/widgets/chart/lv_chart.c:298:21:lv_chart_add_series	48	static
../Drivers/lvgl/src/widgets/chart/lv_chart.c:360:6:lv_chart_remove_series	24	static
../Drivers/lvgl/src/widgets/chart/lv_chart.c:375:6:lv_chart_hide_series	24	static
../Drivers/lvgl/src/widgets/chart/lv_chart.c:384:6:lv_chart_set_series_color	24	static
../Drivers/lvgl/src/widgets/chart/lv_chart.c:393:12:lv_chart_get_series_color	24	static
../Drivers/lvgl/src/widgets/chart/lv_chart.c:402:6:lv_chart_set_x_start_point	32	static
../Drivers/lvgl/src/widgets/chart/lv_chart.c:412:21:lv_chart_get_series_next	24	static
../Drivers/lvgl/src/widgets/chart/lv_chart.c:425:22:lv_chart_add_cursor	32	static
../Drivers/lvgl/src/widgets/chart/lv_chart.c:443:6:lv_chart_set_cursor_pos	24	static
../Drivers/lvgl/src/widgets/chart/lv_chart.c:453:6:lv_chart_set_cursor_point	24	static
../Drivers/lvgl/src/widgets/chart/lv_chart.c:465:12:lv_chart_get_cursor_point	24	static
../Drivers/lvgl/src/widgets/chart/lv_chart.c:477:6:lv_chart_set_all_values	32	static
../Drivers/lvgl/src/widgets/chart/lv_chart.c:491:6:lv_chart_set_next_value	32	static
../Drivers/lvgl/src/widgets/chart/lv_chart.c:503:6:lv_chart_set_next_value2	32	static
../Drivers/lvgl/src/widgets/chart/lv_chart.c:521:6:lv_chart_set_value_by_id	32	static
../Drivers/lvgl/src/widgets/chart/lv_chart.c:532:6:lv_chart_set_value_by_id2	32	static
../Drivers/lvgl/src/widgets/chart/lv_chart.c:550:6:lv_chart_set_ext_y_array	24	static
../Drivers/lvgl/src/widgets/chart/lv_chart.c:561:6:lv_chart_set_ext_x_array	24	static
../Drivers/lvgl/src/widgets/chart/lv_chart.c:572:11:lv_chart_get_y_array	16	static
../Drivers/lvgl/src/widgets/chart/lv_chart.c:580:11:lv_chart_get_x_array	16	static
../Drivers/lvgl/src/widgets/chart/lv_chart.c:588:10:lv_chart_get_pressed_point	24	static
../Drivers/lvgl/src/widgets/chart/lv_chart.c:594:9:lv_chart_get_first_point_center_offset	40	static
../Drivers/lvgl/src/widgets/chart/lv_chart.c:616:13:lv_chart_constructor	24	static
../Drivers/lvgl/src/widgets/chart/lv_chart.c:645:13:lv_chart_destructor	32	static
../Drivers/lvgl/src/widgets/chart/lv_chart.c:675:13:lv_chart_event	64	static
../Drivers/lvgl/src/widgets/chart/lv_chart.c:721:13:draw_div_lines	184	static
../Drivers/lvgl/src/widgets/chart/lv_chart.c:797:13:draw_series_line	368	static
../Drivers/lvgl/src/widgets/chart/lv_chart.c:950:13:draw_series_scatter	336	static
../Drivers/lvgl/src/widgets/chart/lv_chart.c:1071:13:draw_series_bar	264	static
../Drivers/lvgl/src/widgets/chart/lv_chart.c:1157:13:draw_cursors	464	static
../Drivers/lvgl/src/widgets/chart/lv_chart.c:1261:17:get_index_from_x	32	static
../Drivers/lvgl/src/widgets/chart/lv_chart.c:1276:13:invalidate_point	104	static
../Drivers/lvgl/src/widgets/chart/lv_chart.c:1338:13:new_points_alloc	40	static
