../Drivers/CMSIS/Include/core_cm7.h:2229:22:SCB_EnableICache	4	static,ignoring_inline_asm
../Drivers/CMSIS/Include/core_cm7.h:2281:22:SCB_EnableDCache	24	static,ignoring_inline_asm
C:/Users/nikola/STM32CubeIDE/workspace_1.13.1/lvgl_ported_stmf769_disco/Drivers/hal_stm_lvgl/tft/../../lvgl/src/lv_api_map_v8.h:75:51:lv_task_handler	8	static
../Core/Src/main.c:70:5:main	8	static
../Core/Src/main.c:127:6:SystemClock_Config	88	static
../Core/Src/main.c:181:13:MX_GPIO_Init	72	static
../Core/Src/main.c:689:6:Error_Handler	4	static,ignoring_inline_asm
