../Drivers/STM32F769I-Discovery/stm32f769i_discovery_lcd.c:269:9:BSP_LCD_Init	8	static
../Drivers/STM32F769I-Discovery/stm32f769i_discovery_lcd.c:284:9:BSP_LCD_InitEx	72	static
../Drivers/STM32F769I-Discovery/stm32f769i_discovery_lcd.c:679:6:BSP_LCD_Reset	32	static
../Drivers/STM32F769I-Discovery/stm32f769i_discovery_lcd.c:709:10:BSP_LCD_GetXSize	4	static
../Drivers/STM32F769I-Discovery/stm32f769i_discovery_lcd.c:718:10:BSP_LCD_GetYSize	4	static
../Drivers/STM32F769I-Discovery/stm32f769i_discovery_lcd.c:728:6:BSP_LCD_SetXSize	16	static
../Drivers/STM32F769I-Discovery/stm32f769i_discovery_lcd.c:737:6:BSP_LCD_SetYSize	16	static
../Drivers/STM32F769I-Discovery/stm32f769i_discovery_lcd.c:749:6:BSP_LCD_LayerDefaultInit	72	static
../Drivers/STM32F769I-Discovery/stm32f769i_discovery_lcd.c:782:6:BSP_LCD_SelectLayer	16	static
../Drivers/STM32F769I-Discovery/stm32f769i_discovery_lcd.c:795:6:BSP_LCD_SetLayerVisible	16	static
../Drivers/STM32F769I-Discovery/stm32f769i_discovery_lcd.c:815:6:BSP_LCD_SetTransparency	16	static
../Drivers/STM32F769I-Discovery/stm32f769i_discovery_lcd.c:827:6:BSP_LCD_SetLayerAddress	16	static
../Drivers/STM32F769I-Discovery/stm32f769i_discovery_lcd.c:842:6:BSP_LCD_SetLayerWindow	24	static
../Drivers/STM32F769I-Discovery/stm32f769i_discovery_lcd.c:857:6:BSP_LCD_SetColorKeying	16	static
../Drivers/STM32F769I-Discovery/stm32f769i_discovery_lcd.c:868:6:BSP_LCD_ResetColorKeying	16	static
../Drivers/STM32F769I-Discovery/stm32f769i_discovery_lcd.c:878:6:BSP_LCD_SetTextColor	16	static
../Drivers/STM32F769I-Discovery/stm32f769i_discovery_lcd.c:887:10:BSP_LCD_GetTextColor	4	static
../Drivers/STM32F769I-Discovery/stm32f769i_discovery_lcd.c:896:6:BSP_LCD_SetBackColor	16	static
../Drivers/STM32F769I-Discovery/stm32f769i_discovery_lcd.c:905:10:BSP_LCD_GetBackColor	4	static
../Drivers/STM32F769I-Discovery/stm32f769i_discovery_lcd.c:914:6:BSP_LCD_SetFont	16	static
../Drivers/STM32F769I-Discovery/stm32f769i_discovery_lcd.c:923:8:BSP_LCD_GetFont	4	static
../Drivers/STM32F769I-Discovery/stm32f769i_discovery_lcd.c:934:10:BSP_LCD_ReadPixel	32	static
../Drivers/STM32F769I-Discovery/stm32f769i_discovery_lcd.c:968:6:BSP_LCD_Clear	40	static
../Drivers/STM32F769I-Discovery/stm32f769i_discovery_lcd.c:978:6:BSP_LCD_ClearStringLine	32	static
../Drivers/STM32F769I-Discovery/stm32f769i_discovery_lcd.c:997:6:BSP_LCD_DisplayChar	24	static
../Drivers/STM32F769I-Discovery/stm32f769i_discovery_lcd.c:1014:6:BSP_LCD_DisplayStringAt	48	static
../Drivers/STM32F769I-Discovery/stm32f769i_discovery_lcd.c:1076:6:BSP_LCD_DisplayStringAtLine	16	static
../Drivers/STM32F769I-Discovery/stm32f769i_discovery_lcd.c:1087:6:BSP_LCD_DrawHLine	40	static
../Drivers/STM32F769I-Discovery/stm32f769i_discovery_lcd.c:1104:6:BSP_LCD_DrawVLine	48	static
../Drivers/STM32F769I-Discovery/stm32f769i_discovery_lcd.c:1122:6:BSP_LCD_DrawLine	56	static
../Drivers/STM32F769I-Discovery/stm32f769i_discovery_lcd.c:1196:6:BSP_LCD_DrawRect	24	static
../Drivers/STM32F769I-Discovery/stm32f769i_discovery_lcd.c:1213:6:BSP_LCD_DrawCircle	40	static
../Drivers/STM32F769I-Discovery/stm32f769i_discovery_lcd.c:1259:6:BSP_LCD_DrawPolygon	32	static
../Drivers/STM32F769I-Discovery/stm32f769i_discovery_lcd.c:1286:6:BSP_LCD_DrawEllipse	64	static
../Drivers/STM32F769I-Discovery/stm32f769i_discovery_lcd.c:1318:6:BSP_LCD_DrawBitmap	56	static
../Drivers/STM32F769I-Discovery/stm32f769i_discovery_lcd.c:1375:6:BSP_LCD_FillRect	48	static
../Drivers/STM32F769I-Discovery/stm32f769i_discovery_lcd.c:1395:6:BSP_LCD_FillCircle	32	static
../Drivers/STM32F769I-Discovery/stm32f769i_discovery_lcd.c:1442:6:BSP_LCD_FillPolygon	64	static
../Drivers/STM32F769I-Discovery/stm32f769i_discovery_lcd.c:1509:6:BSP_LCD_FillEllipse	56	static
../Drivers/STM32F769I-Discovery/stm32f769i_discovery_lcd.c:1539:6:BSP_LCD_DisplayOn	16	static
../Drivers/STM32F769I-Discovery/stm32f769i_discovery_lcd.c:1562:6:BSP_LCD_DisplayOff	16	static
../Drivers/STM32F769I-Discovery/stm32f769i_discovery_lcd.c:1585:6:BSP_LCD_SetBrightness	24	static
../Drivers/STM32F769I-Discovery/stm32f769i_discovery_lcd.c:1610:6:DSI_IO_WriteCmd	24	static
../Drivers/STM32F769I-Discovery/stm32f769i_discovery_lcd.c:1627:17:LCD_IO_GetID	4	static
../Drivers/STM32F769I-Discovery/stm32f769i_discovery_lcd.c:1659:13:BSP_LCD_MspDeInit	8	static
../Drivers/STM32F769I-Discovery/stm32f769i_discovery_lcd.c:1685:13:BSP_LCD_MspInit	24	static
../Drivers/STM32F769I-Discovery/stm32f769i_discovery_lcd.c:1727:6:BSP_LCD_DrawPixel	24	static
../Drivers/STM32F769I-Discovery/stm32f769i_discovery_lcd.c:1740:13:DrawChar	40	static
../Drivers/STM32F769I-Discovery/stm32f769i_discovery_lcd.c:1798:13:FillTriangle	56	static
../Drivers/STM32F769I-Discovery/stm32f769i_discovery_lcd.c:1875:13:LL_FillBuffer	32	static
../Drivers/STM32F769I-Discovery/stm32f769i_discovery_lcd.c:1905:13:LL_ConvertLineToARGB8888	32	static
