../Drivers/STM32F7xx_HAL_Driver/Src/stm32f7xx_hal_irda.c:234:19:HAL_IRDA_Init	16	static
../Drivers/STM32F7xx_HAL_Driver/Src/stm32f7xx_hal_irda.c:287:19:HAL_IRDA_DeInit	16	static
../Drivers/STM32F7xx_HAL_Driver/Src/stm32f7xx_hal_irda.c:321:13:HAL_IRDA_MspInit	16	static
../Drivers/STM32F7xx_HAL_Driver/Src/stm32f7xx_hal_irda.c:337:13:HAL_IRDA_MspDeInit	16	static
../Drivers/STM32F7xx_HAL_Driver/Src/stm32f7xx_hal_irda.c:443:19:HAL_IRDA_Transmit	40	static
../Drivers/STM32F7xx_HAL_Driver/Src/stm32f7xx_hal_irda.c:515:19:HAL_IRDA_Receive	48	static
../Drivers/STM32F7xx_HAL_Driver/Src/stm32f7xx_hal_irda.c:589:19:HAL_IRDA_Transmit_IT	24	static
../Drivers/STM32F7xx_HAL_Driver/Src/stm32f7xx_hal_irda.c:631:19:HAL_IRDA_Receive_IT	24	static
../Drivers/STM32F7xx_HAL_Driver/Src/stm32f7xx_hal_irda.c:680:19:HAL_IRDA_Transmit_DMA	24	static
../Drivers/STM32F7xx_HAL_Driver/Src/stm32f7xx_hal_irda.c:743:19:HAL_IRDA_Receive_DMA	24	static
../Drivers/STM32F7xx_HAL_Driver/Src/stm32f7xx_hal_irda.c:805:19:HAL_IRDA_DMAPause	16	static
../Drivers/STM32F7xx_HAL_Driver/Src/stm32f7xx_hal_irda.c:839:19:HAL_IRDA_DMAResume	16	static
../Drivers/STM32F7xx_HAL_Driver/Src/stm32f7xx_hal_irda.c:874:19:HAL_IRDA_DMAStop	16	static
../Drivers/STM32F7xx_HAL_Driver/Src/stm32f7xx_hal_irda.c:929:19:HAL_IRDA_Abort	16	static
../Drivers/STM32F7xx_HAL_Driver/Src/stm32f7xx_hal_irda.c:997:19:HAL_IRDA_AbortTransmit	16	static
../Drivers/STM32F7xx_HAL_Driver/Src/stm32f7xx_hal_irda.c:1040:19:HAL_IRDA_AbortReceive	16	static
../Drivers/STM32F7xx_HAL_Driver/Src/stm32f7xx_hal_irda.c:1089:19:HAL_IRDA_Abort_IT	24	static
../Drivers/STM32F7xx_HAL_Driver/Src/stm32f7xx_hal_irda.c:1215:19:HAL_IRDA_AbortTransmit_IT	16	static
../Drivers/STM32F7xx_HAL_Driver/Src/stm32f7xx_hal_irda.c:1281:19:HAL_IRDA_AbortReceive_IT	16	static
../Drivers/STM32F7xx_HAL_Driver/Src/stm32f7xx_hal_irda.c:1345:6:HAL_IRDA_IRQHandler	32	static
../Drivers/STM32F7xx_HAL_Driver/Src/stm32f7xx_hal_irda.c:1487:13:HAL_IRDA_TxCpltCallback	16	static
../Drivers/STM32F7xx_HAL_Driver/Src/stm32f7xx_hal_irda.c:1503:13:HAL_IRDA_TxHalfCpltCallback	16	static
../Drivers/STM32F7xx_HAL_Driver/Src/stm32f7xx_hal_irda.c:1519:13:HAL_IRDA_RxCpltCallback	16	static
../Drivers/STM32F7xx_HAL_Driver/Src/stm32f7xx_hal_irda.c:1535:13:HAL_IRDA_RxHalfCpltCallback	16	static
../Drivers/STM32F7xx_HAL_Driver/Src/stm32f7xx_hal_irda.c:1551:13:HAL_IRDA_ErrorCallback	16	static
../Drivers/STM32F7xx_HAL_Driver/Src/stm32f7xx_hal_irda.c:1567:13:HAL_IRDA_AbortCpltCallback	16	static
../Drivers/STM32F7xx_HAL_Driver/Src/stm32f7xx_hal_irda.c:1583:13:HAL_IRDA_AbortTransmitCpltCallback	16	static
../Drivers/STM32F7xx_HAL_Driver/Src/stm32f7xx_hal_irda.c:1599:13:HAL_IRDA_AbortReceiveCpltCallback	16	static
../Drivers/STM32F7xx_HAL_Driver/Src/stm32f7xx_hal_irda.c:1638:23:HAL_IRDA_GetState	24	static
../Drivers/STM32F7xx_HAL_Driver/Src/stm32f7xx_hal_irda.c:1654:10:HAL_IRDA_GetError	16	static
../Drivers/STM32F7xx_HAL_Driver/Src/stm32f7xx_hal_irda.c:1677:26:IRDA_SetConfig	24	static
../Drivers/STM32F7xx_HAL_Driver/Src/stm32f7xx_hal_irda.c:1740:26:IRDA_CheckIdleState	32	static
../Drivers/STM32F7xx_HAL_Driver/Src/stm32f7xx_hal_irda.c:1781:26:IRDA_WaitOnFlagUntilTimeout	24	static
../Drivers/STM32F7xx_HAL_Driver/Src/stm32f7xx_hal_irda.c:1814:13:IRDA_EndTxTransfer	16	static
../Drivers/STM32F7xx_HAL_Driver/Src/stm32f7xx_hal_irda.c:1830:13:IRDA_EndRxTransfer	16	static
../Drivers/STM32F7xx_HAL_Driver/Src/stm32f7xx_hal_irda.c:1847:13:IRDA_DMATransmitCplt	24	static
../Drivers/STM32F7xx_HAL_Driver/Src/stm32f7xx_hal_irda.c:1877:13:IRDA_DMATransmitHalfCplt	24	static
../Drivers/STM32F7xx_HAL_Driver/Src/stm32f7xx_hal_irda.c:1890:13:IRDA_DMAReceiveCplt	24	static
../Drivers/STM32F7xx_HAL_Driver/Src/stm32f7xx_hal_irda.c:1920:13:IRDA_DMAReceiveHalfCplt	24	static
../Drivers/STM32F7xx_HAL_Driver/Src/stm32f7xx_hal_irda.c:1933:13:IRDA_DMAError	24	static
../Drivers/STM32F7xx_HAL_Driver/Src/stm32f7xx_hal_irda.c:1963:13:IRDA_DMAAbortOnError	24	static
../Drivers/STM32F7xx_HAL_Driver/Src/stm32f7xx_hal_irda.c:1980:13:IRDA_DMATxAbortCallback	24	static
../Drivers/STM32F7xx_HAL_Driver/Src/stm32f7xx_hal_irda.c:2022:13:IRDA_DMARxAbortCallback	24	static
../Drivers/STM32F7xx_HAL_Driver/Src/stm32f7xx_hal_irda.c:2064:13:IRDA_DMATxOnlyAbortCallback	24	static
../Drivers/STM32F7xx_HAL_Driver/Src/stm32f7xx_hal_irda.c:2085:13:IRDA_DMARxOnlyAbortCallback	24	static
../Drivers/STM32F7xx_HAL_Driver/Src/stm32f7xx_hal_irda.c:2109:26:IRDA_Transmit_IT	24	static
../Drivers/STM32F7xx_HAL_Driver/Src/stm32f7xx_hal_irda.c:2155:26:IRDA_EndTransmit_IT	16	static
../Drivers/STM32F7xx_HAL_Driver/Src/stm32f7xx_hal_irda.c:2176:26:IRDA_Receive_IT	32	static
