../Drivers/STM32F7xx_HAL_Driver/Src/stm32f7xx_hal_hcd.c:125:19:HAL_HCD_Init	72	static
../Drivers/STM32F7xx_HAL_Driver/Src/stm32f7xx_hal_hcd.c:182:19:HAL_HCD_HC_Init	48	static
../Drivers/STM32F7xx_HAL_Driver/Src/stm32f7xx_hal_hcd.c:221:19:HAL_HCD_HC_Halt	24	static
../Drivers/STM32F7xx_HAL_Driver/Src/stm32f7xx_hal_hcd.c:237:19:HAL_HCD_DeInit	16	static
../Drivers/STM32F7xx_HAL_Driver/Src/stm32f7xx_hal_hcd.c:262:14:HAL_HCD_MspInit	16	static
../Drivers/STM32F7xx_HAL_Driver/Src/stm32f7xx_hal_hcd.c:277:14:HAL_HCD_MspDeInit	16	static
../Drivers/STM32F7xx_HAL_Driver/Src/stm32f7xx_hal_hcd.c:329:19:HAL_HCD_HC_SubmitRequest	16	static
../Drivers/STM32F7xx_HAL_Driver/Src/stm32f7xx_hal_hcd.c:445:6:HAL_HCD_IRQHandler	32	static
../Drivers/STM32F7xx_HAL_Driver/Src/stm32f7xx_hal_hcd.c:548:13:HAL_HCD_SOF_Callback	16	static
../Drivers/STM32F7xx_HAL_Driver/Src/stm32f7xx_hal_hcd.c:563:13:HAL_HCD_Connect_Callback	16	static
../Drivers/STM32F7xx_HAL_Driver/Src/stm32f7xx_hal_hcd.c:578:13:HAL_HCD_Disconnect_Callback	16	static
../Drivers/STM32F7xx_HAL_Driver/Src/stm32f7xx_hal_hcd.c:603:13:HAL_HCD_HC_NotifyURBChange_Callback	16	static
../Drivers/STM32F7xx_HAL_Driver/Src/stm32f7xx_hal_hcd.c:637:19:HAL_HCD_Start	16	static
../Drivers/STM32F7xx_HAL_Driver/Src/stm32f7xx_hal_hcd.c:652:19:HAL_HCD_Stop	16	static
../Drivers/STM32F7xx_HAL_Driver/Src/stm32f7xx_hal_hcd.c:665:19:HAL_HCD_ResetPort	16	static
../Drivers/STM32F7xx_HAL_Driver/Src/stm32f7xx_hal_hcd.c:694:18:HAL_HCD_GetState	16	static
../Drivers/STM32F7xx_HAL_Driver/Src/stm32f7xx_hal_hcd.c:713:21:HAL_HCD_HC_GetURBState	16	static
../Drivers/STM32F7xx_HAL_Driver/Src/stm32f7xx_hal_hcd.c:726:10:HAL_HCD_HC_GetXferCount	16	static
../Drivers/STM32F7xx_HAL_Driver/Src/stm32f7xx_hal_hcd.c:748:21:HAL_HCD_HC_GetState	16	static
../Drivers/STM32F7xx_HAL_Driver/Src/stm32f7xx_hal_hcd.c:758:10:HAL_HCD_GetCurrentFrame	16	static
../Drivers/STM32F7xx_HAL_Driver/Src/stm32f7xx_hal_hcd.c:768:10:HAL_HCD_GetCurrentSpeed	16	static
../Drivers/STM32F7xx_HAL_Driver/Src/stm32f7xx_hal_hcd.c:791:13:HCD_HC_IN_IRQHandler	32	static
../Drivers/STM32F7xx_HAL_Driver/Src/stm32f7xx_hal_hcd.c:947:13:HCD_HC_OUT_IRQHandler	32	static
../Drivers/STM32F7xx_HAL_Driver/Src/stm32f7xx_hal_hcd.c:1096:13:HCD_RXQLVL_IRQHandler	40	static
../Drivers/STM32F7xx_HAL_Driver/Src/stm32f7xx_hal_hcd.c:1149:13:HCD_Port_IRQHandler	32	static
