../Drivers/STM32F7xx_HAL_Driver/Src/stm32f7xx_hal_dac.c:228:19:HAL_DAC_Init	16	static
../Drivers/STM32F7xx_HAL_Driver/Src/stm32f7xx_hal_dac.c:265:19:HAL_DAC_DeInit	16	static
../Drivers/STM32F7xx_HAL_Driver/Src/stm32f7xx_hal_dac.c:301:13:HAL_DAC_MspInit	16	static
../Drivers/STM32F7xx_HAL_Driver/Src/stm32f7xx_hal_dac.c:317:13:HAL_DAC_MspDeInit	16	static
../Drivers/STM32F7xx_HAL_Driver/Src/stm32f7xx_hal_dac.c:359:19:HAL_DAC_Start	24	static
../Drivers/STM32F7xx_HAL_Driver/Src/stm32f7xx_hal_dac.c:418:19:HAL_DAC_Stop	16	static
../Drivers/STM32F7xx_HAL_Driver/Src/stm32f7xx_hal_dac.c:450:19:HAL_DAC_Start_DMA	32	static
../Drivers/STM32F7xx_HAL_Driver/Src/stm32f7xx_hal_dac.c:569:19:HAL_DAC_Stop_DMA	24	static
../Drivers/STM32F7xx_HAL_Driver/Src/stm32f7xx_hal_dac.c:619:10:HAL_DAC_GetValue	16	static
../Drivers/STM32F7xx_HAL_Driver/Src/stm32f7xx_hal_dac.c:641:6:HAL_DAC_IRQHandler	16	static
../Drivers/STM32F7xx_HAL_Driver/Src/stm32f7xx_hal_dac.c:687:13:HAL_DAC_ConvCpltCallbackCh1	16	static
../Drivers/STM32F7xx_HAL_Driver/Src/stm32f7xx_hal_dac.c:703:13:HAL_DAC_ConvHalfCpltCallbackCh1	16	static
../Drivers/STM32F7xx_HAL_Driver/Src/stm32f7xx_hal_dac.c:719:13:HAL_DAC_ErrorCallbackCh1	16	static
../Drivers/STM32F7xx_HAL_Driver/Src/stm32f7xx_hal_dac.c:735:13:HAL_DAC_DMAUnderrunCallbackCh1	16	static
../Drivers/STM32F7xx_HAL_Driver/Src/stm32f7xx_hal_dac.c:775:19:HAL_DAC_ConfigChannel	32	static
../Drivers/STM32F7xx_HAL_Driver/Src/stm32f7xx_hal_dac.c:831:19:HAL_DAC_SetValue	32	static
../Drivers/STM32F7xx_HAL_Driver/Src/stm32f7xx_hal_dac.c:883:22:HAL_DAC_GetState	16	static
../Drivers/STM32F7xx_HAL_Driver/Src/stm32f7xx_hal_dac.c:896:10:HAL_DAC_GetError	16	static
../Drivers/STM32F7xx_HAL_Driver/Src/stm32f7xx_hal_dac.c:911:13:DAC_DMAConvCpltCh1	24	static
../Drivers/STM32F7xx_HAL_Driver/Src/stm32f7xx_hal_dac.c:926:13:DAC_DMAHalfConvCpltCh1	24	static
../Drivers/STM32F7xx_HAL_Driver/Src/stm32f7xx_hal_dac.c:939:13:DAC_DMAErrorCh1	24	static
