../Drivers/STM32F7xx_HAL_Driver/Src/stm32f7xx_hal_eth.c:172:19:HAL_ETH_Init	40	static
../Drivers/STM32F7xx_HAL_Driver/Src/stm32f7xx_hal_eth.c:445:19:HAL_ETH_DeInit	16	static
../Drivers/STM32F7xx_HAL_Driver/Src/stm32f7xx_hal_eth.c:472:19:HAL_ETH_DMATxDescListInit	32	static
../Drivers/STM32F7xx_HAL_Driver/Src/stm32f7xx_hal_eth.c:539:19:HAL_ETH_DMARxDescListInit	32	static
../Drivers/STM32F7xx_HAL_Driver/Src/stm32f7xx_hal_eth.c:606:13:HAL_ETH_MspInit	16	static
../Drivers/STM32F7xx_HAL_Driver/Src/stm32f7xx_hal_eth.c:622:13:HAL_ETH_MspDeInit	16	static
../Drivers/STM32F7xx_HAL_Driver/Src/stm32f7xx_hal_eth.c:666:19:HAL_ETH_TransmitFrame	32	static
../Drivers/STM32F7xx_HAL_Driver/Src/stm32f7xx_hal_eth.c:779:19:HAL_ETH_GetReceivedFrame	24	static
../Drivers/STM32F7xx_HAL_Driver/Src/stm32f7xx_hal_eth.c:859:19:HAL_ETH_GetReceivedFrame_IT	24	static
../Drivers/STM32F7xx_HAL_Driver/Src/stm32f7xx_hal_eth.c:944:6:HAL_ETH_IRQHandler	16	static
../Drivers/STM32F7xx_HAL_Driver/Src/stm32f7xx_hal_eth.c:1004:13:HAL_ETH_TxCpltCallback	16	static
../Drivers/STM32F7xx_HAL_Driver/Src/stm32f7xx_hal_eth.c:1020:13:HAL_ETH_RxCpltCallback	16	static
../Drivers/STM32F7xx_HAL_Driver/Src/stm32f7xx_hal_eth.c:1036:13:HAL_ETH_ErrorCallback	16	static
../Drivers/STM32F7xx_HAL_Driver/Src/stm32f7xx_hal_eth.c:1058:19:HAL_ETH_ReadPHYRegister	32	static
../Drivers/STM32F7xx_HAL_Driver/Src/stm32f7xx_hal_eth.c:1130:19:HAL_ETH_WritePHYRegister	32	static
../Drivers/STM32F7xx_HAL_Driver/Src/stm32f7xx_hal_eth.c:1222:19:HAL_ETH_Start	16	static
../Drivers/STM32F7xx_HAL_Driver/Src/stm32f7xx_hal_eth.c:1261:19:HAL_ETH_Stop	16	static
../Drivers/STM32F7xx_HAL_Driver/Src/stm32f7xx_hal_eth.c:1301:19:HAL_ETH_ConfigMAC	24	static
../Drivers/STM32F7xx_HAL_Driver/Src/stm32f7xx_hal_eth.c:1468:19:HAL_ETH_ConfigDMA	24	static
../Drivers/STM32F7xx_HAL_Driver/Src/stm32f7xx_hal_eth.c:1575:22:HAL_ETH_GetState	16	static
../Drivers/STM32F7xx_HAL_Driver/Src/stm32f7xx_hal_eth.c:1600:13:ETH_MACDMAConfig	200	static
../Drivers/STM32F7xx_HAL_Driver/Src/stm32f7xx_hal_eth.c:1863:13:ETH_MACAddressConfig	32	static
../Drivers/STM32F7xx_HAL_Driver/Src/stm32f7xx_hal_eth.c:1887:13:ETH_MACTransmissionEnable	24	static
../Drivers/STM32F7xx_HAL_Driver/Src/stm32f7xx_hal_eth.c:1907:13:ETH_MACTransmissionDisable	24	static
../Drivers/STM32F7xx_HAL_Driver/Src/stm32f7xx_hal_eth.c:1927:13:ETH_MACReceptionEnable	24	static
../Drivers/STM32F7xx_HAL_Driver/Src/stm32f7xx_hal_eth.c:1947:13:ETH_MACReceptionDisable	24	static
../Drivers/STM32F7xx_HAL_Driver/Src/stm32f7xx_hal_eth.c:1967:13:ETH_DMATransmissionEnable	16	static
../Drivers/STM32F7xx_HAL_Driver/Src/stm32f7xx_hal_eth.c:1979:13:ETH_DMATransmissionDisable	16	static
../Drivers/STM32F7xx_HAL_Driver/Src/stm32f7xx_hal_eth.c:1991:13:ETH_DMAReceptionEnable	16	static
../Drivers/STM32F7xx_HAL_Driver/Src/stm32f7xx_hal_eth.c:2003:13:ETH_DMAReceptionDisable	16	static
../Drivers/STM32F7xx_HAL_Driver/Src/stm32f7xx_hal_eth.c:2015:13:ETH_FlushTransmitFIFO	24	static
