../Drivers/STM32F7xx_HAL_Driver/Src/stm32f7xx_hal_mdios.c:150:19:HAL_MDIOS_Init	24	static
../Drivers/STM32F7xx_HAL_Driver/Src/stm32f7xx_hal_mdios.c:207:19:HAL_MDIOS_DeInit	16	static
../Drivers/STM32F7xx_HAL_Driver/Src/stm32f7xx_hal_mdios.c:242:14:HAL_MDIOS_MspInit	16	static
../Drivers/STM32F7xx_HAL_Driver/Src/stm32f7xx_hal_mdios.c:257:14:HAL_MDIOS_MspDeInit	16	static
../Drivers/STM32F7xx_HAL_Driver/Src/stm32f7xx_hal_mdios.c:310:19:HAL_MDIOS_WriteReg	32	static
../Drivers/STM32F7xx_HAL_Driver/Src/stm32f7xx_hal_mdios.c:339:19:HAL_MDIOS_ReadReg	32	static
../Drivers/STM32F7xx_HAL_Driver/Src/stm32f7xx_hal_mdios.c:366:10:HAL_MDIOS_GetWrittenRegAddress	16	static
../Drivers/STM32F7xx_HAL_Driver/Src/stm32f7xx_hal_mdios.c:376:10:HAL_MDIOS_GetReadRegAddress	16	static
../Drivers/STM32F7xx_HAL_Driver/Src/stm32f7xx_hal_mdios.c:387:19:HAL_MDIOS_ClearWriteRegAddress	16	static
../Drivers/STM32F7xx_HAL_Driver/Src/stm32f7xx_hal_mdios.c:410:19:HAL_MDIOS_ClearReadRegAddress	16	static
../Drivers/STM32F7xx_HAL_Driver/Src/stm32f7xx_hal_mdios.c:432:19:HAL_MDIOS_EnableEvents	16	static
../Drivers/STM32F7xx_HAL_Driver/Src/stm32f7xx_hal_mdios.c:451:6:HAL_MDIOS_IRQHandler	16	static
../Drivers/STM32F7xx_HAL_Driver/Src/stm32f7xx_hal_mdios.c:511:14:HAL_MDIOS_WriteCpltCallback	16	static
../Drivers/STM32F7xx_HAL_Driver/Src/stm32f7xx_hal_mdios.c:526:14:HAL_MDIOS_ReadCpltCallback	16	static
../Drivers/STM32F7xx_HAL_Driver/Src/stm32f7xx_hal_mdios.c:541:14:HAL_MDIOS_ErrorCallback	16	static
../Drivers/STM32F7xx_HAL_Driver/Src/stm32f7xx_hal_mdios.c:556:13:HAL_MDIOS_WakeUpCallback	16	static
../Drivers/STM32F7xx_HAL_Driver/Src/stm32f7xx_hal_mdios.c:591:10:HAL_MDIOS_GetError	16	static
../Drivers/STM32F7xx_HAL_Driver/Src/stm32f7xx_hal_mdios.c:602:24:HAL_MDIOS_GetState	16	static
