../Drivers/STM32F7xx_HAL_Driver/Src/stm32f7xx_hal_nor.c:177:19:HAL_NOR_Init	24	static
../Drivers/STM32F7xx_HAL_Driver/Src/stm32f7xx_hal_nor.c:227:19:HAL_NOR_DeInit	16	static
../Drivers/STM32F7xx_HAL_Driver/Src/stm32f7xx_hal_nor.c:250:13:HAL_NOR_MspInit	16	static
../Drivers/STM32F7xx_HAL_Driver/Src/stm32f7xx_hal_nor.c:266:13:HAL_NOR_MspDeInit	16	static
../Drivers/STM32F7xx_HAL_Driver/Src/stm32f7xx_hal_nor.c:283:13:HAL_NOR_MspWait	16	static
../Drivers/STM32F7xx_HAL_Driver/Src/stm32f7xx_hal_nor.c:319:19:HAL_NOR_Read_ID	24	static,ignoring_inline_asm
../Drivers/STM32F7xx_HAL_Driver/Src/stm32f7xx_hal_nor.c:379:19:HAL_NOR_ReturnToReadMode	24	static,ignoring_inline_asm
../Drivers/STM32F7xx_HAL_Driver/Src/stm32f7xx_hal_nor.c:429:19:HAL_NOR_Read	32	static,ignoring_inline_asm
../Drivers/STM32F7xx_HAL_Driver/Src/stm32f7xx_hal_nor.c:488:19:HAL_NOR_Program	32	static,ignoring_inline_asm
../Drivers/STM32F7xx_HAL_Driver/Src/stm32f7xx_hal_nor.c:548:19:HAL_NOR_ReadBuffer	32	static,ignoring_inline_asm
../Drivers/STM32F7xx_HAL_Driver/Src/stm32f7xx_hal_nor.c:613:19:HAL_NOR_ProgramBuffer	40	static,ignoring_inline_asm
../Drivers/STM32F7xx_HAL_Driver/Src/stm32f7xx_hal_nor.c:693:19:HAL_NOR_Erase_Block	32	static,ignoring_inline_asm
../Drivers/STM32F7xx_HAL_Driver/Src/stm32f7xx_hal_nor.c:752:19:HAL_NOR_Erase_Chip	24	static,ignoring_inline_asm
../Drivers/STM32F7xx_HAL_Driver/Src/stm32f7xx_hal_nor.c:810:19:HAL_NOR_Read_CFI	24	static,ignoring_inline_asm
../Drivers/STM32F7xx_HAL_Driver/Src/stm32f7xx_hal_nor.c:887:19:HAL_NOR_WriteOperation_Enable	16	static
../Drivers/STM32F7xx_HAL_Driver/Src/stm32f7xx_hal_nor.c:910:19:HAL_NOR_WriteOperation_Disable	16	static
../Drivers/STM32F7xx_HAL_Driver/Src/stm32f7xx_hal_nor.c:955:22:HAL_NOR_GetState	16	static
../Drivers/STM32F7xx_HAL_Driver/Src/stm32f7xx_hal_nor.c:969:23:HAL_NOR_GetStatus	40	static
