../Drivers/STM32F7xx_HAL_Driver/Src/stm32f7xx_hal_smartcard.c:254:19:HAL_SMARTCARD_Init	16	static
../Drivers/STM32F7xx_HAL_Driver/Src/stm32f7xx_hal_smartcard.c:315:19:HAL_SMARTCARD_DeInit	16	static
../Drivers/STM32F7xx_HAL_Driver/Src/stm32f7xx_hal_smartcard.c:356:13:HAL_SMARTCARD_MspInit	16	static
../Drivers/STM32F7xx_HAL_Driver/Src/stm32f7xx_hal_smartcard.c:372:13:HAL_SMARTCARD_MspDeInit	16	static
../Drivers/STM32F7xx_HAL_Driver/Src/stm32f7xx_hal_smartcard.c:473:19:HAL_SMARTCARD_Transmit	40	static
../Drivers/STM32F7xx_HAL_Driver/Src/stm32f7xx_hal_smartcard.c:554:19:HAL_SMARTCARD_Receive	40	static
../Drivers/STM32F7xx_HAL_Driver/Src/stm32f7xx_hal_smartcard.c:612:19:HAL_SMARTCARD_Transmit_IT	24	static
../Drivers/STM32F7xx_HAL_Driver/Src/stm32f7xx_hal_smartcard.c:668:19:HAL_SMARTCARD_Receive_IT	24	static
../Drivers/STM32F7xx_HAL_Driver/Src/stm32f7xx_hal_smartcard.c:713:19:HAL_SMARTCARD_Transmit_DMA	24	static
../Drivers/STM32F7xx_HAL_Driver/Src/stm32f7xx_hal_smartcard.c:787:19:HAL_SMARTCARD_Receive_DMA	24	static
../Drivers/STM32F7xx_HAL_Driver/Src/stm32f7xx_hal_smartcard.c:852:19:HAL_SMARTCARD_Abort	16	static
../Drivers/STM32F7xx_HAL_Driver/Src/stm32f7xx_hal_smartcard.c:920:19:HAL_SMARTCARD_AbortTransmit	16	static
../Drivers/STM32F7xx_HAL_Driver/Src/stm32f7xx_hal_smartcard.c:973:19:HAL_SMARTCARD_AbortReceive	16	static
../Drivers/STM32F7xx_HAL_Driver/Src/stm32f7xx_hal_smartcard.c:1028:19:HAL_SMARTCARD_Abort_IT	24	static
../Drivers/STM32F7xx_HAL_Driver/Src/stm32f7xx_hal_smartcard.c:1154:19:HAL_SMARTCARD_AbortTransmit_IT	16	static
../Drivers/STM32F7xx_HAL_Driver/Src/stm32f7xx_hal_smartcard.c:1230:19:HAL_SMARTCARD_AbortReceive_IT	16	static
../Drivers/STM32F7xx_HAL_Driver/Src/stm32f7xx_hal_smartcard.c:1300:6:HAL_SMARTCARD_IRQHandler	32	static
../Drivers/STM32F7xx_HAL_Driver/Src/stm32f7xx_hal_smartcard.c:1506:13:HAL_SMARTCARD_TxCpltCallback	16	static
../Drivers/STM32F7xx_HAL_Driver/Src/stm32f7xx_hal_smartcard.c:1522:13:HAL_SMARTCARD_RxCpltCallback	16	static
../Drivers/STM32F7xx_HAL_Driver/Src/stm32f7xx_hal_smartcard.c:1538:13:HAL_SMARTCARD_ErrorCallback	16	static
../Drivers/STM32F7xx_HAL_Driver/Src/stm32f7xx_hal_smartcard.c:1554:13:HAL_SMARTCARD_AbortCpltCallback	16	static
../Drivers/STM32F7xx_HAL_Driver/Src/stm32f7xx_hal_smartcard.c:1570:13:HAL_SMARTCARD_AbortTransmitCpltCallback	16	static
../Drivers/STM32F7xx_HAL_Driver/Src/stm32f7xx_hal_smartcard.c:1586:13:HAL_SMARTCARD_AbortReceiveCpltCallback	16	static
../Drivers/STM32F7xx_HAL_Driver/Src/stm32f7xx_hal_smartcard.c:1625:28:HAL_SMARTCARD_GetState	24	static
../Drivers/STM32F7xx_HAL_Driver/Src/stm32f7xx_hal_smartcard.c:1641:10:HAL_SMARTCARD_GetError	16	static
../Drivers/STM32F7xx_HAL_Driver/Src/stm32f7xx_hal_smartcard.c:1664:26:SMARTCARD_SetConfig	24	static
../Drivers/STM32F7xx_HAL_Driver/Src/stm32f7xx_hal_smartcard.c:1762:13:SMARTCARD_AdvFeatureConfig	16	static
../Drivers/STM32F7xx_HAL_Driver/Src/stm32f7xx_hal_smartcard.c:1824:26:SMARTCARD_CheckIdleState	32	static
../Drivers/STM32F7xx_HAL_Driver/Src/stm32f7xx_hal_smartcard.c:1865:26:SMARTCARD_WaitOnFlagUntilTimeout	24	static
../Drivers/STM32F7xx_HAL_Driver/Src/stm32f7xx_hal_smartcard.c:1898:13:SMARTCARD_EndTxTransfer	16	static
../Drivers/STM32F7xx_HAL_Driver/Src/stm32f7xx_hal_smartcard.c:1915:13:SMARTCARD_EndRxTransfer	16	static
../Drivers/STM32F7xx_HAL_Driver/Src/stm32f7xx_hal_smartcard.c:1932:13:SMARTCARD_DMATransmitCplt	24	static
../Drivers/STM32F7xx_HAL_Driver/Src/stm32f7xx_hal_smartcard.c:1951:13:SMARTCARD_DMAReceiveCplt	24	static
../Drivers/STM32F7xx_HAL_Driver/Src/stm32f7xx_hal_smartcard.c:1976:13:SMARTCARD_DMAError	24	static
../Drivers/STM32F7xx_HAL_Driver/Src/stm32f7xx_hal_smartcard.c:2006:13:SMARTCARD_DMAAbortOnError	24	static
../Drivers/STM32F7xx_HAL_Driver/Src/stm32f7xx_hal_smartcard.c:2023:13:SMARTCARD_DMATxAbortCallback	24	static
../Drivers/STM32F7xx_HAL_Driver/Src/stm32f7xx_hal_smartcard.c:2065:13:SMARTCARD_DMARxAbortCallback	24	static
../Drivers/STM32F7xx_HAL_Driver/Src/stm32f7xx_hal_smartcard.c:2107:13:SMARTCARD_DMATxOnlyAbortCallback	24	static
../Drivers/STM32F7xx_HAL_Driver/Src/stm32f7xx_hal_smartcard.c:2131:13:SMARTCARD_DMARxOnlyAbortCallback	24	static
../Drivers/STM32F7xx_HAL_Driver/Src/stm32f7xx_hal_smartcard.c:2155:26:SMARTCARD_Transmit_IT	16	static
../Drivers/STM32F7xx_HAL_Driver/Src/stm32f7xx_hal_smartcard.c:2190:26:SMARTCARD_EndTransmit_IT	16	static
../Drivers/STM32F7xx_HAL_Driver/Src/stm32f7xx_hal_smartcard.c:2228:26:SMARTCARD_Receive_IT	16	static
